#!ipxe
# Served for the rescue/catch-all profile: a machine matched no specific group.
# Rather than hang, we tell the operator what we know and drop to a shell.
echo booty: no specific profile for this machine
echo   mac:          aa:bb:cc:dd:ee:ff
echo   product:      PowerEdge R640
echo   manufacturer: Dell Inc.
echo   serial:       ABC123
echo Add a group for this machine in the catalog, then reboot.
shell
